\BOOKMARK [0][-]{part.1}{\376\377\000I\000\040\000F\000u\000n\000d\000a\000m\000e\000n\000t\000a\000l\000s}{}% 1
\BOOKMARK [1][-]{section.1}{\376\377\000S\000t\000r\000u\000c\000t\000u\000r\000e\000\040\000o\000f\000\040\000a\000\040\000C\000+\000+\000\040\000P\000r\000o\000g\000r\000a\000m}{part.1}% 2
\BOOKMARK [2][-]{subsection.1.1}{\376\377\000Y\000o\000u\000r\000\040\000F\000i\000r\000s\000t\000\040\000C\000+\000+\000\040\000P\000r\000o\000g\000r\000a\000m}{section.1}% 3
\BOOKMARK [2][-]{subsection.1.2}{\376\377\000O\000v\000e\000r\000v\000i\000e\000w\000\040\000o\000f\000\040\000C\000+\000+\000\040\000P\000r\000o\000g\000r\000a\000m\000\040\000E\000l\000e\000m\000e\000n\000t\000s}{section.1}% 4
\BOOKMARK [3][-]{subsubsection.1.2.1}{\376\377\000K\000e\000y\000w\000o\000r\000d\000s}{subsection.1.2}% 5
\BOOKMARK [3][-]{subsubsection.1.2.2}{\376\377\000I\000d\000e\000n\000t\000i\000f\000i\000e\000r\000s}{subsection.1.2}% 6
\BOOKMARK [3][-]{subsubsection.1.2.3}{\376\377\000O\000p\000e\000r\000a\000t\000o\000r\000s}{subsection.1.2}% 7
\BOOKMARK [3][-]{subsubsection.1.2.4}{\376\377\000P\000u\000n\000c\000t\000u\000a\000t\000i\000o\000n}{subsection.1.2}% 8
\BOOKMARK [3][-]{subsubsection.1.2.5}{\376\377\000S\000y\000n\000t\000a\000x}{subsection.1.2}% 9
\BOOKMARK [2][-]{subsection.1.3}{\376\377\000T\000h\000e\000\040\000\043\000i\000n\000c\000l\000u\000d\000e\000\040\000P\000r\000e\000p\000r\000o\000c\000e\000s\000s\000o\000r\000\040\000D\000i\000r\000e\000c\000t\000i\000v\000e}{section.1}% 10
\BOOKMARK [3][-]{subsubsection.1.3.1}{\376\377\000W\000h\000a\000t\000\040\000D\000o\000e\000s\000\040\000\043\000i\000n\000c\000l\000u\000d\000e\000\040\000D\000o\000?}{subsection.1.3}% 11
\BOOKMARK [3][-]{subsubsection.1.3.2}{\376\377\000A\000n\000g\000l\000e\000\040\000B\000r\000a\000c\000k\000e\000t\000s\000\040\000v\000s\000.\000\040\000Q\000u\000o\000t\000e\000s}{subsection.1.3}% 12
\BOOKMARK [2][-]{subsection.1.4}{\376\377\000C\000o\000m\000m\000e\000n\000t\000s}{section.1}% 13
\BOOKMARK [3][-]{subsubsection.1.4.1}{\376\377\000W\000h\000y\000\040\000C\000o\000m\000m\000e\000n\000t\000s\000\040\000M\000a\000t\000t\000e\000r}{subsection.1.4}% 14
\BOOKMARK [3][-]{subsubsection.1.4.2}{\376\377\000C\000+\000+\000\040\000C\000o\000m\000m\000e\000n\000t\000\040\000S\000t\000y\000l\000e\000s}{subsection.1.4}% 15
\BOOKMARK [3][-]{subsubsection.1.4.3}{\376\377\000B\000e\000s\000t\000\040\000P\000r\000a\000c\000t\000i\000c\000e\000s\000\040\000f\000o\000r\000\040\000C\000o\000m\000m\000e\000n\000t\000s}{subsection.1.4}% 16
\BOOKMARK [2][-]{subsection.1.5}{\376\377\000T\000h\000e\000\040\000m\000a\000i\000n\000\050\000\051\000\040\000F\000u\000n\000c\000t\000i\000o\000n}{section.1}% 17
\BOOKMARK [3][-]{subsubsection.1.5.1}{\376\377\000B\000a\000s\000i\000c\000\040\000F\000o\000r\000m}{subsection.1.5}% 18
\BOOKMARK [3][-]{subsubsection.1.5.2}{\376\377\000C\000o\000m\000m\000a\000n\000d\000-\000L\000i\000n\000e\000\040\000A\000r\000g\000u\000m\000e\000n\000t\000s}{subsection.1.5}% 19
\BOOKMARK [3][-]{subsubsection.1.5.3}{\376\377\000W\000h\000a\000t\000\040\000H\000a\000p\000p\000e\000n\000s\000\040\000B\000e\000f\000o\000r\000e\000\040\000a\000n\000d\000\040\000A\000f\000t\000e\000r\000\040\000m\000a\000i\000n\000\050\000\051}{subsection.1.5}% 20
\BOOKMARK [2][-]{subsection.1.6}{\376\377\000N\000a\000m\000e\000s\000p\000a\000c\000e\000s}{section.1}% 21
\BOOKMARK [3][-]{subsubsection.1.6.1}{\376\377\000W\000h\000a\000t\000\040\000i\000s\000\040\000a\000\040\000N\000a\000m\000e\000s\000p\000a\000c\000e\000?}{subsection.1.6}% 22
\BOOKMARK [3][-]{subsubsection.1.6.2}{\376\377\000A\000c\000c\000e\000s\000s\000i\000n\000g\000\040\000N\000a\000m\000e\000s\000p\000a\000c\000e\000\040\000M\000e\000m\000b\000e\000r\000s}{subsection.1.6}% 23
\BOOKMARK [3][-]{subsubsection.1.6.3}{\376\377\000C\000r\000e\000a\000t\000i\000n\000g\000\040\000Y\000o\000u\000r\000\040\000O\000w\000n\000\040\000N\000a\000m\000e\000s\000p\000a\000c\000e\000s}{subsection.1.6}% 24
\BOOKMARK [2][-]{subsection.1.7}{\376\377\000B\000a\000s\000i\000c\000\040\000I\000n\000p\000u\000t\000\040\000a\000n\000d\000\040\000O\000u\000t\000p\000u\000t\000\040\000\050\000I\000/\000O\000\051\000\040\000U\000s\000i\000n\000g\000\040\000c\000i\000n\000\040\000a\000n\000d\000\040\000c\000o\000u\000t}{section.1}% 25
\BOOKMARK [3][-]{subsubsection.1.7.1}{\376\377\000O\000u\000t\000p\000u\000t\000\040\000w\000i\000t\000h\000\040\000c\000o\000u\000t}{subsection.1.7}% 26
\BOOKMARK [3][-]{subsubsection.1.7.2}{\376\377\000I\000n\000p\000u\000t\000\040\000w\000i\000t\000h\000\040\000c\000i\000n}{subsection.1.7}% 27
\BOOKMARK [3][-]{subsubsection.1.7.3}{\376\377\000H\000o\000w\000\040\000c\000i\000n\000\040\000H\000a\000n\000d\000l\000e\000s\000\040\000I\000n\000p\000u\000t}{subsection.1.7}% 28
\BOOKMARK [3][-]{subsubsection.1.7.4}{\376\377\000R\000e\000a\000d\000i\000n\000g\000\040\000E\000n\000t\000i\000r\000e\000\040\000L\000i\000n\000e\000s\000\040\000w\000i\000t\000h\000\040\000g\000e\000t\000l\000i\000n\000e}{subsection.1.7}% 29
\BOOKMARK [3][-]{subsubsection.1.7.5}{\376\377\000I\000n\000p\000u\000t\000\040\000V\000a\000l\000i\000d\000a\000t\000i\000o\000n}{subsection.1.7}% 30
\BOOKMARK [3][-]{subsubsection.1.7.6}{\376\377\000C\000o\000m\000m\000o\000n\000\040\000I\000/\000O\000\040\000P\000a\000t\000t\000e\000r\000n\000s}{subsection.1.7}% 31
\BOOKMARK [2][-]{subsection.1.8}{\376\377\000T\000h\000e\000\040\000C\000+\000+\000\040\000P\000r\000e\000p\000r\000o\000c\000e\000s\000s\000o\000r}{section.1}% 32
\BOOKMARK [3][-]{subsubsection.1.8.1}{\376\377\000W\000h\000a\000t\000\040\000D\000o\000e\000s\000\040\000t\000h\000e\000\040\000P\000r\000e\000p\000r\000o\000c\000e\000s\000s\000o\000r\000\040\000D\000o\000?}{subsection.1.8}% 33
\BOOKMARK [3][-]{subsubsection.1.8.2}{\376\377\000C\000o\000m\000m\000o\000n\000\040\000P\000r\000e\000p\000r\000o\000c\000e\000s\000s\000o\000r\000\040\000D\000i\000r\000e\000c\000t\000i\000v\000e\000s}{subsection.1.8}% 34
\BOOKMARK [3][-]{subsubsection.1.8.3}{\376\377\000T\000h\000e\000\040\000\043\000d\000e\000f\000i\000n\000e\000\040\000D\000i\000r\000e\000c\000t\000i\000v\000e}{subsection.1.8}% 35
\BOOKMARK [3][-]{subsubsection.1.8.4}{\376\377\000C\000o\000n\000d\000i\000t\000i\000o\000n\000a\000l\000\040\000C\000o\000m\000p\000i\000l\000a\000t\000i\000o\000n}{subsection.1.8}% 36
\BOOKMARK [3][-]{subsubsection.1.8.5}{\376\377\000I\000n\000c\000l\000u\000d\000e\000\040\000G\000u\000a\000r\000d\000s}{subsection.1.8}% 37
\BOOKMARK [3][-]{subsubsection.1.8.6}{\376\377\000T\000h\000e\000\040\000P\000r\000e\000p\000r\000o\000c\000e\000s\000s\000o\000r\000\040\000v\000s\000.\000\040\000T\000h\000e\000\040\000C\000o\000m\000p\000i\000l\000e\000r}{subsection.1.8}% 38
\BOOKMARK [2][-]{subsection.1.9}{\376\377\000T\000h\000e\000\040\000C\000o\000m\000p\000i\000l\000a\000t\000i\000o\000n\000\040\000P\000r\000o\000c\000e\000s\000s}{section.1}% 39
\BOOKMARK [3][-]{subsubsection.1.9.1}{\376\377\000F\000r\000o\000m\000\040\000S\000o\000u\000r\000c\000e\000\040\000C\000o\000d\000e\000\040\000t\000o\000\040\000E\000x\000e\000c\000u\000t\000a\000b\000l\000e}{subsection.1.9}% 40
\BOOKMARK [3][-]{subsubsection.1.9.2}{\376\377\000C\000o\000m\000p\000i\000l\000i\000n\000g\000\040\000f\000r\000o\000m\000\040\000t\000h\000e\000\040\000C\000o\000m\000m\000a\000n\000d\000\040\000L\000i\000n\000e}{subsection.1.9}% 41
\BOOKMARK [2][-]{subsection.1.10}{\376\377\000H\000e\000a\000d\000e\000r\000\040\000F\000i\000l\000e\000s\000\040\000a\000n\000d\000\040\000S\000o\000u\000r\000c\000e\000\040\000F\000i\000l\000e\000s}{section.1}% 42
\BOOKMARK [3][-]{subsubsection.1.10.1}{\376\377\000T\000h\000e\000\040\000S\000e\000p\000a\000r\000a\000t\000i\000o\000n\000\040\000o\000f\000\040\000D\000e\000c\000l\000a\000r\000a\000t\000i\000o\000n\000s\000\040\000a\000n\000d\000\040\000D\000e\000f\000i\000n\000i\000t\000i\000o\000n\000s}{subsection.1.10}% 43
\BOOKMARK [3][-]{subsubsection.1.10.2}{\376\377\000H\000e\000a\000d\000e\000r\000\040\000F\000i\000l\000e\000s\000\040\000\050\000.\000h\000\040\000o\000r\000\040\000.\000h\000p\000p\000\051}{subsection.1.10}% 44
\BOOKMARK [3][-]{subsubsection.1.10.3}{\376\377\000S\000o\000u\000r\000c\000e\000\040\000F\000i\000l\000e\000s\000\040\000\050\000.\000c\000p\000p\000\051}{subsection.1.10}% 45
\BOOKMARK [3][-]{subsubsection.1.10.4}{\376\377\000U\000s\000i\000n\000g\000\040\000Y\000o\000u\000r\000\040\000H\000e\000a\000d\000e\000r\000\040\000F\000i\000l\000e\000s}{subsection.1.10}% 46
\BOOKMARK [3][-]{subsubsection.1.10.5}{\376\377\000W\000h\000y\000\040\000S\000e\000p\000a\000r\000a\000t\000e\000\040\000H\000e\000a\000d\000e\000r\000s\000\040\000a\000n\000d\000\040\000S\000o\000u\000r\000c\000e\000\040\000F\000i\000l\000e\000s\000?}{subsection.1.10}% 47
\BOOKMARK [2][-]{subsection.1.11}{\376\377\000E\000x\000e\000r\000c\000i\000s\000e\000s}{section.1}% 48
\BOOKMARK [1][-]{section.2}{\376\377\000V\000a\000r\000i\000a\000b\000l\000e\000s\000\040\000a\000n\000d\000\040\000C\000o\000n\000s\000t\000a\000n\000t\000s}{part.1}% 49
\BOOKMARK [2][-]{subsection.2.1}{\376\377\000W\000h\000a\000t\000\040\000i\000s\000\040\000a\000\040\000V\000a\000r\000i\000a\000b\000l\000e\000?}{section.2}% 50
\BOOKMARK [3][-]{subsubsection.2.1.1}{\376\377\000V\000a\000r\000i\000a\000b\000l\000e\000s\000\040\000i\000n\000\040\000M\000e\000m\000o\000r\000y}{subsection.2.1}% 51
\BOOKMARK [3][-]{subsubsection.2.1.2}{\376\377\000W\000h\000y\000\040\000V\000a\000r\000i\000a\000b\000l\000e\000s\000\040\000M\000a\000t\000t\000e\000r}{subsection.2.1}% 52
\BOOKMARK [2][-]{subsection.2.2}{\376\377\000D\000e\000c\000l\000a\000r\000i\000n\000g\000\040\000a\000n\000d\000\040\000I\000n\000i\000t\000i\000a\000l\000i\000z\000i\000n\000g\000\040\000V\000a\000r\000i\000a\000b\000l\000e\000s}{section.2}% 53
\BOOKMARK [3][-]{subsubsection.2.2.1}{\376\377\000V\000a\000r\000i\000a\000b\000l\000e\000\040\000D\000e\000c\000l\000a\000r\000a\000t\000i\000o\000n}{subsection.2.2}% 54
\BOOKMARK [3][-]{subsubsection.2.2.2}{\376\377\000V\000a\000r\000i\000a\000b\000l\000e\000\040\000I\000n\000i\000t\000i\000a\000l\000i\000z\000a\000t\000i\000o\000n}{subsection.2.2}% 55
\BOOKMARK [3][-]{subsubsection.2.2.3}{\376\377\000D\000e\000c\000l\000a\000r\000a\000t\000i\000o\000n\000\040\000w\000i\000t\000h\000\040\000I\000n\000i\000t\000i\000a\000l\000i\000z\000a\000t\000i\000o\000n}{subsection.2.2}% 56
\BOOKMARK [3][-]{subsubsection.2.2.4}{\376\377\000D\000e\000c\000l\000a\000r\000i\000n\000g\000\040\000M\000u\000l\000t\000i\000p\000l\000e\000\040\000V\000a\000r\000i\000a\000b\000l\000e\000s}{subsection.2.2}% 57
\BOOKMARK [3][-]{subsubsection.2.2.5}{\376\377\000A\000s\000s\000i\000g\000n\000m\000e\000n\000t\000\040\000v\000s\000.\000\040\000I\000n\000i\000t\000i\000a\000l\000i\000z\000a\000t\000i\000o\000n}{subsection.2.2}% 58
\BOOKMARK [2][-]{subsection.2.3}{\376\377\000G\000l\000o\000b\000a\000l\000\040\000V\000a\000r\000i\000a\000b\000l\000e\000s}{section.2}% 59
\BOOKMARK [3][-]{subsubsection.2.3.1}{\376\377\000L\000o\000c\000a\000l\000\040\000v\000s\000.\000\040\000G\000l\000o\000b\000a\000l\000\040\000S\000c\000o\000p\000e}{subsection.2.3}% 60
\BOOKMARK [3][-]{subsubsection.2.3.2}{\376\377\000C\000h\000a\000r\000a\000c\000t\000e\000r\000i\000s\000t\000i\000c\000s\000\040\000o\000f\000\040\000G\000l\000o\000b\000a\000l\000\040\000V\000a\000r\000i\000a\000b\000l\000e\000s}{subsection.2.3}% 61
\BOOKMARK [3][-]{subsubsection.2.3.3}{\376\377\000W\000h\000y\000\040\000G\000l\000o\000b\000a\000l\000\040\000V\000a\000r\000i\000a\000b\000l\000e\000s\000\040\000A\000r\000e\000\040\000D\000i\000s\000c\000o\000u\000r\000a\000g\000e\000d}{subsection.2.3}% 62
\BOOKMARK [3][-]{subsubsection.2.3.4}{\376\377\000W\000h\000e\000n\000\040\000G\000l\000o\000b\000a\000l\000s\000\040\000M\000i\000g\000h\000t\000\040\000B\000e\000\040\000A\000c\000c\000e\000p\000t\000a\000b\000l\000e}{subsection.2.3}% 63
\BOOKMARK [2][-]{subsection.2.4}{\376\377\000C\000+\000+\000\040\000B\000u\000i\000l\000t\000-\000i\000n\000\040\000P\000r\000i\000m\000i\000t\000i\000v\000e\000\040\000T\000y\000p\000e\000s}{section.2}% 64
\BOOKMARK [3][-]{subsubsection.2.4.1}{\376\377\000I\000n\000t\000e\000g\000e\000r\000\040\000T\000y\000p\000e\000s}{subsection.2.4}% 65
\BOOKMARK [3][-]{subsubsection.2.4.2}{\376\377\000F\000l\000o\000a\000t\000i\000n\000g\000-\000P\000o\000i\000n\000t\000\040\000T\000y\000p\000e\000s}{subsection.2.4}% 66
\BOOKMARK [3][-]{subsubsection.2.4.3}{\376\377\000B\000o\000o\000l\000e\000a\000n\000\040\000T\000y\000p\000e}{subsection.2.4}% 67
\BOOKMARK [3][-]{subsubsection.2.4.4}{\376\377\000C\000h\000a\000r\000a\000c\000t\000e\000r\000\040\000T\000y\000p\000e}{subsection.2.4}% 68
\BOOKMARK [3][-]{subsubsection.2.4.5}{\376\377\000T\000h\000e\000\040\000a\000u\000t\000o\000\040\000K\000e\000y\000w\000o\000r\000d}{subsection.2.4}% 69
\BOOKMARK [2][-]{subsection.2.5}{\376\377\000W\000h\000a\000t\000\040\000i\000s\000\040\000t\000h\000e\000\040\000S\000i\000z\000e\000\040\000o\000f\000\040\000a\000\040\000V\000a\000r\000i\000a\000b\000l\000e\000?\000\040\000\050\000s\000i\000z\000e\000o\000f\000\051}{section.2}% 70
\BOOKMARK [3][-]{subsubsection.2.5.1}{\376\377\000U\000s\000i\000n\000g\000\040\000s\000i\000z\000e\000o\000f}{subsection.2.5}% 71
\BOOKMARK [3][-]{subsubsection.2.5.2}{\376\377\000s\000i\000z\000e\000o\000f\000\040\000w\000i\000t\000h\000\040\000V\000a\000r\000i\000a\000b\000l\000e\000s\000\040\000a\000n\000d\000\040\000E\000x\000p\000r\000e\000s\000s\000i\000o\000n\000s}{subsection.2.5}% 72
\BOOKMARK [3][-]{subsubsection.2.5.3}{\376\377\000W\000h\000y\000\040\000S\000i\000z\000e\000\040\000M\000a\000t\000t\000e\000r\000s}{subsection.2.5}% 73
\BOOKMARK [3][-]{subsubsection.2.5.4}{\376\377\000F\000i\000x\000e\000d\000-\000W\000i\000d\000t\000h\000\040\000I\000n\000t\000e\000g\000e\000r\000\040\000T\000y\000p\000e\000s}{subsection.2.5}% 74
\BOOKMARK [3][-]{subsubsection.2.5.5}{\376\377\000T\000h\000e\000\040\000<\000c\000l\000i\000m\000i\000t\000s\000>\000\040\000a\000n\000d\000\040\000<\000c\000f\000l\000o\000a\000t\000>\000\040\000H\000e\000a\000d\000e\000r\000s}{subsection.2.5}% 75
\BOOKMARK [2][-]{subsection.2.6}{\376\377\000W\000h\000a\000t\000\040\000i\000s\000\040\000a\000\040\000C\000o\000n\000s\000t\000a\000n\000t\000?}{section.2}% 76
\BOOKMARK [3][-]{subsubsection.2.6.1}{\376\377\000W\000h\000y\000\040\000U\000s\000e\000\040\000C\000o\000n\000s\000t\000a\000n\000t\000s\000?}{subsection.2.6}% 77
\BOOKMARK [2][-]{subsection.2.7}{\376\377\000D\000e\000c\000l\000a\000r\000i\000n\000g\000\040\000a\000n\000d\000\040\000U\000s\000i\000n\000g\000\040\000C\000o\000n\000s\000t\000a\000n\000t\000s}{section.2}% 78
\BOOKMARK [3][-]{subsubsection.2.7.1}{\376\377\000T\000h\000e\000\040\000c\000o\000n\000s\000t\000\040\000K\000e\000y\000w\000o\000r\000d}{subsection.2.7}% 79
\BOOKMARK [3][-]{subsubsection.2.7.2}{\376\377\000T\000h\000e\000\040\000c\000o\000n\000s\000t\000e\000x\000p\000r\000\040\000K\000e\000y\000w\000o\000r\000d\000\040\000\050\000C\000+\000+\0001\0001\000\051}{subsection.2.7}% 80
\BOOKMARK [3][-]{subsubsection.2.7.3}{\376\377\000c\000o\000n\000s\000t\000e\000x\000p\000r\000\040\000F\000u\000n\000c\000t\000i\000o\000n\000s}{subsection.2.7}% 81
\BOOKMARK [3][-]{subsubsection.2.7.4}{\376\377\000C\000o\000n\000s\000t\000a\000n\000t\000\040\000E\000x\000p\000r\000e\000s\000s\000i\000o\000n\000s\000\040\000i\000n\000\040\000P\000r\000a\000c\000t\000i\000c\000e}{subsection.2.7}% 82
\BOOKMARK [3][-]{subsubsection.2.7.5}{\376\377\000P\000r\000e\000p\000r\000o\000c\000e\000s\000s\000o\000r\000\040\000C\000o\000n\000s\000t\000a\000n\000t\000s\000\040\000\050\000\043\000d\000e\000f\000i\000n\000e\000\051\000\040\040\024\000\040\000A\000v\000o\000i\000d\000!}{subsection.2.7}% 83
\BOOKMARK [3][-]{subsubsection.2.7.6}{\376\377\000E\000n\000u\000m\000e\000r\000a\000t\000i\000o\000n\000\040\000C\000o\000n\000s\000t\000a\000n\000t\000s}{subsection.2.7}% 84
\BOOKMARK [2][-]{subsection.2.8}{\376\377\000B\000e\000s\000t\000\040\000P\000r\000a\000c\000t\000i\000c\000e\000s\000\040\000S\000u\000m\000m\000a\000r\000y}{section.2}% 85
\BOOKMARK [2][-]{subsection.2.9}{\376\377\000E\000x\000e\000r\000c\000i\000s\000e\000s}{section.2}% 86
\BOOKMARK [1][-]{section.3}{\376\377\000E\000n\000u\000m\000e\000r\000a\000t\000i\000o\000n\000s}{part.1}% 87
\BOOKMARK [1][-]{section.4}{\376\377\000S\000t\000a\000t\000e\000m\000e\000n\000t\000s\000\040\000a\000n\000d\000\040\000O\000p\000e\000r\000a\000t\000o\000r\000s}{part.1}% 88
\BOOKMARK [1][-]{section.5}{\376\377\000C\000o\000n\000t\000r\000o\000l\000l\000i\000n\000g\000\040\000P\000r\000o\000g\000r\000a\000m\000\040\000F\000l\000o\000w}{part.1}% 89
\BOOKMARK [1][-]{section.6}{\376\377\000C\000h\000a\000r\000a\000c\000t\000e\000r\000s\000\040\000a\000n\000d\000\040\000S\000t\000r\000i\000n\000g\000s}{part.1}% 90
\BOOKMARK [1][-]{section.7}{\376\377\000F\000u\000n\000c\000t\000i\000o\000n\000s}{part.1}% 91
\BOOKMARK [1][-]{section.8}{\376\377\000A\000r\000r\000a\000y\000s\000\040\000a\000n\000d\000\040\000V\000e\000c\000t\000o\000r\000s}{part.1}% 92
\BOOKMARK [0][-]{part.2}{\376\377\000I\000I\000\040\000M\000e\000m\000o\000r\000y\000\040\000a\000n\000d\000\040\000P\000o\000i\000n\000t\000e\000r\000s}{}% 93
\BOOKMARK [1][-]{section.9}{\376\377\000P\000o\000i\000n\000t\000e\000r\000s\000\040\000a\000n\000d\000\040\000R\000e\000f\000e\000r\000e\000n\000c\000e\000s}{part.2}% 94
\BOOKMARK [1][-]{section.10}{\376\377\000M\000e\000m\000o\000r\000y\000\040\000M\000a\000n\000a\000g\000e\000m\000e\000n\000t}{part.2}% 95
\BOOKMARK [2][-]{subsection.10.1}{\376\377\000S\000t\000a\000c\000k\000\040\000v\000s\000.\000\040\000H\000e\000a\000p\000\040\000M\000e\000m\000o\000r\000y}{section.10}% 96
\BOOKMARK [3][-]{subsubsection.10.1.1}{\376\377\000T\000h\000e\000\040\000S\000t\000a\000c\000k}{subsection.10.1}% 97
\BOOKMARK [3][-]{subsubsection.10.1.2}{\376\377\000T\000h\000e\000\040\000H\000e\000a\000p}{subsection.10.1}% 98
\BOOKMARK [2][-]{subsection.10.2}{\376\377\000D\000y\000n\000a\000m\000i\000c\000\040\000M\000e\000m\000o\000r\000y\000\040\000A\000l\000l\000o\000c\000a\000t\000i\000o\000n}{section.10}% 99
\BOOKMARK [3][-]{subsubsection.10.2.1}{\376\377\000T\000h\000e\000\040\000n\000e\000w\000\040\000O\000p\000e\000r\000a\000t\000o\000r}{subsection.10.2}% 100
\BOOKMARK [3][-]{subsubsection.10.2.2}{\376\377\000T\000h\000e\000\040\000d\000e\000l\000e\000t\000e\000\040\000O\000p\000e\000r\000a\000t\000o\000r}{subsection.10.2}% 101
\BOOKMARK [2][-]{subsection.10.3}{\376\377\000M\000e\000m\000o\000r\000y\000\040\000P\000r\000o\000b\000l\000e\000m\000s}{section.10}% 102
\BOOKMARK [3][-]{subsubsection.10.3.1}{\376\377\000M\000e\000m\000o\000r\000y\000\040\000L\000e\000a\000k\000s}{subsection.10.3}% 103
\BOOKMARK [3][-]{subsubsection.10.3.2}{\376\377\000D\000a\000n\000g\000l\000i\000n\000g\000\040\000P\000o\000i\000n\000t\000e\000r\000s}{subsection.10.3}% 104
\BOOKMARK [3][-]{subsubsection.10.3.3}{\376\377\000D\000o\000u\000b\000l\000e\000\040\000D\000e\000l\000e\000t\000e}{subsection.10.3}% 105
\BOOKMARK [3][-]{subsubsection.10.3.4}{\376\377\000M\000i\000s\000m\000a\000t\000c\000h\000e\000d\000\040\000n\000e\000w\000/\000d\000e\000l\000e\000t\000e}{subsection.10.3}% 106
\BOOKMARK [2][-]{subsection.10.4}{\376\377\000R\000A\000I\000I\000:\000\040\000R\000e\000s\000o\000u\000r\000c\000e\000\040\000A\000c\000q\000u\000i\000s\000i\000t\000i\000o\000n\000\040\000I\000s\000\040\000I\000n\000i\000t\000i\000a\000l\000i\000z\000a\000t\000i\000o\000n}{section.10}% 107
\BOOKMARK [2][-]{subsection.10.5}{\376\377\000W\000h\000e\000n\000\040\000t\000o\000\040\000U\000s\000e\000\040\000D\000y\000n\000a\000m\000i\000c\000\040\000A\000l\000l\000o\000c\000a\000t\000i\000o\000n}{section.10}% 108
\BOOKMARK [0][-]{part.3}{\376\377\000I\000I\000I\000\040\000O\000b\000j\000e\000c\000t\000-\000O\000r\000i\000e\000n\000t\000e\000d\000\040\000P\000r\000o\000g\000r\000a\000m\000m\000i\000n\000g}{}% 109
\BOOKMARK [1][-]{section.11}{\376\377\000O\000O\000P\000\040\000-\000\040\000C\000l\000a\000s\000s\000e\000s\000\040\000a\000n\000d\000\040\000O\000b\000j\000e\000c\000t\000s}{part.3}% 110
\BOOKMARK [1][-]{section.12}{\376\377\000O\000p\000e\000r\000a\000t\000o\000r\000\040\000O\000v\000e\000r\000l\000o\000a\000d\000i\000n\000g}{part.3}% 111
\BOOKMARK [1][-]{section.13}{\376\377\000T\000e\000m\000p\000l\000a\000t\000e\000s}{part.3}% 112
\BOOKMARK [2][-]{subsection.13.1}{\376\377\000I\000n\000t\000r\000o\000d\000u\000c\000t\000i\000o\000n\000\040\000t\000o\000\040\000G\000e\000n\000e\000r\000i\000c\000\040\000P\000r\000o\000g\000r\000a\000m\000m\000i\000n\000g}{section.13}% 113
\BOOKMARK [2][-]{subsection.13.2}{\376\377\000F\000u\000n\000c\000t\000i\000o\000n\000\040\000T\000e\000m\000p\000l\000a\000t\000e\000s}{section.13}% 114
\BOOKMARK [3][-]{subsubsection.13.2.1}{\376\377\000B\000a\000s\000i\000c\000\040\000S\000y\000n\000t\000a\000x}{subsection.13.2}% 115
\BOOKMARK [3][-]{subsubsection.13.2.2}{\376\377\000U\000s\000i\000n\000g\000\040\000F\000u\000n\000c\000t\000i\000o\000n\000\040\000T\000e\000m\000p\000l\000a\000t\000e\000s}{subsection.13.2}% 116
\BOOKMARK [3][-]{subsubsection.13.2.3}{\376\377\000M\000u\000l\000t\000i\000p\000l\000e\000\040\000T\000y\000p\000e\000\040\000P\000a\000r\000a\000m\000e\000t\000e\000r\000s}{subsection.13.2}% 117
\BOOKMARK [3][-]{subsubsection.13.2.4}{\376\377\000R\000e\000t\000u\000r\000n\000\040\000T\000y\000p\000e\000\040\000D\000e\000d\000u\000c\000t\000i\000o\000n}{subsection.13.2}% 118
\BOOKMARK [2][-]{subsection.13.3}{\376\377\000C\000l\000a\000s\000s\000\040\000T\000e\000m\000p\000l\000a\000t\000e\000s}{section.13}% 119
\BOOKMARK [3][-]{subsubsection.13.3.1}{\376\377\000B\000a\000s\000i\000c\000\040\000S\000y\000n\000t\000a\000x}{subsection.13.3}% 120
\BOOKMARK [3][-]{subsubsection.13.3.2}{\376\377\000U\000s\000i\000n\000g\000\040\000C\000l\000a\000s\000s\000\040\000T\000e\000m\000p\000l\000a\000t\000e\000s}{subsection.13.3}% 121
\BOOKMARK [3][-]{subsubsection.13.3.3}{\376\377\000D\000e\000f\000i\000n\000i\000n\000g\000\040\000M\000e\000m\000b\000e\000r\000\040\000F\000u\000n\000c\000t\000i\000o\000n\000s\000\040\000O\000u\000t\000s\000i\000d\000e\000\040\000t\000h\000e\000\040\000C\000l\000a\000s\000s}{subsection.13.3}% 122
\BOOKMARK [2][-]{subsection.13.4}{\376\377\000N\000o\000n\000-\000T\000y\000p\000e\000\040\000T\000e\000m\000p\000l\000a\000t\000e\000\040\000P\000a\000r\000a\000m\000e\000t\000e\000r\000s}{section.13}% 123
\BOOKMARK [2][-]{subsection.13.5}{\376\377\000T\000e\000m\000p\000l\000a\000t\000e\000\040\000S\000p\000e\000c\000i\000a\000l\000i\000z\000a\000t\000i\000o\000n}{section.13}% 124
\BOOKMARK [3][-]{subsubsection.13.5.1}{\376\377\000F\000u\000l\000l\000\040\000S\000p\000e\000c\000i\000a\000l\000i\000z\000a\000t\000i\000o\000n}{subsection.13.5}% 125
\BOOKMARK [3][-]{subsubsection.13.5.2}{\376\377\000P\000a\000r\000t\000i\000a\000l\000\040\000S\000p\000e\000c\000i\000a\000l\000i\000z\000a\000t\000i\000o\000n}{subsection.13.5}% 126
\BOOKMARK [2][-]{subsection.13.6}{\376\377\000T\000e\000m\000p\000l\000a\000t\000e\000\040\000C\000o\000m\000p\000i\000l\000a\000t\000i\000o\000n\000\040\000M\000o\000d\000e\000l}{section.13}% 127
\BOOKMARK [2][-]{subsection.13.7}{\376\377\000C\000o\000m\000m\000o\000n\000\040\000S\000t\000a\000n\000d\000a\000r\000d\000\040\000L\000i\000b\000r\000a\000r\000y\000\040\000T\000e\000m\000p\000l\000a\000t\000e\000s}{section.13}% 128
\BOOKMARK [2][-]{subsection.13.8}{\376\377\000B\000e\000s\000t\000\040\000P\000r\000a\000c\000t\000i\000c\000e\000s}{section.13}% 129
\BOOKMARK [1][-]{section.14}{\376\377\000I\000n\000h\000e\000r\000i\000t\000a\000n\000c\000e}{part.3}% 130
\BOOKMARK [1][-]{section.15}{\376\377\000P\000o\000l\000y\000m\000o\000p\000r\000h\000i\000s\000m}{part.3}% 131
\BOOKMARK [0][-]{part.4}{\376\377\000I\000V\000\040\000M\000o\000d\000e\000r\000n\000\040\000C\000+\000+\000\040\000a\000n\000d\000\040\000R\000e\000s\000o\000u\000r\000c\000e\000\040\000M\000a\000n\000a\000g\000e\000m\000e\000n\000t}{}% 132
\BOOKMARK [1][-]{section.16}{\376\377\000S\000m\000a\000r\000t\000\040\000P\000o\000i\000n\000t\000e\000r\000s}{part.4}% 133
\BOOKMARK [1][-]{section.17}{\376\377\000M\000o\000v\000e\000\040\000S\000e\000m\000a\000n\000t\000i\000c\000s}{part.4}% 134
\BOOKMARK [2][-]{subsection.17.1}{\376\377\000T\000h\000e\000\040\000P\000r\000o\000b\000l\000e\000m\000:\000\040\000E\000x\000p\000e\000n\000s\000i\000v\000e\000\040\000C\000o\000p\000i\000e\000s}{section.17}% 135
\BOOKMARK [2][-]{subsection.17.2}{\376\377\000L\000v\000a\000l\000u\000e\000s\000\040\000a\000n\000d\000\040\000R\000v\000a\000l\000u\000e\000s}{section.17}% 136
\BOOKMARK [3][-]{subsubsection.17.2.1}{\376\377\000L\000v\000a\000l\000u\000e\000s}{subsection.17.2}% 137
\BOOKMARK [3][-]{subsubsection.17.2.2}{\376\377\000R\000v\000a\000l\000u\000e\000s}{subsection.17.2}% 138
\BOOKMARK [3][-]{subsubsection.17.2.3}{\376\377\000W\000h\000y\000\040\000T\000h\000i\000s\000\040\000M\000a\000t\000t\000e\000r\000s}{subsection.17.2}% 139
\BOOKMARK [2][-]{subsection.17.3}{\376\377\000R\000v\000a\000l\000u\000e\000\040\000R\000e\000f\000e\000r\000e\000n\000c\000e\000s}{section.17}% 140
\BOOKMARK [2][-]{subsection.17.4}{\376\377\000M\000o\000v\000e\000\040\000C\000o\000n\000s\000t\000r\000u\000c\000t\000o\000r\000\040\000a\000n\000d\000\040\000M\000o\000v\000e\000\040\000A\000s\000s\000i\000g\000n\000m\000e\000n\000t}{section.17}% 141
\BOOKMARK [3][-]{subsubsection.17.4.1}{\376\377\000T\000h\000e\000\040\000M\000o\000v\000e\000\040\000C\000o\000n\000s\000t\000r\000u\000c\000t\000o\000r}{subsection.17.4}% 142
\BOOKMARK [3][-]{subsubsection.17.4.2}{\376\377\000T\000h\000e\000\040\000M\000o\000v\000e\000\040\000A\000s\000s\000i\000g\000n\000m\000e\000n\000t\000\040\000O\000p\000e\000r\000a\000t\000o\000r}{subsection.17.4}% 143
\BOOKMARK [3][-]{subsubsection.17.4.3}{\376\377\000W\000h\000e\000n\000\040\000M\000o\000v\000e\000\040\000O\000p\000e\000r\000a\000t\000i\000o\000n\000s\000\040\000A\000r\000e\000\040\000C\000a\000l\000l\000e\000d}{subsection.17.4}% 144
\BOOKMARK [2][-]{subsection.17.5}{\376\377\000s\000t\000d\000:\000:\000m\000o\000v\000e}{section.17}% 145
\BOOKMARK [2][-]{subsection.17.6}{\376\377\000T\000h\000e\000\040\000R\000u\000l\000e\000\040\000o\000f\000\040\000F\000i\000v\000e}{section.17}% 146
\BOOKMARK [2][-]{subsection.17.7}{\376\377\000T\000h\000e\000\040\000R\000u\000l\000e\000\040\000o\000f\000\040\000Z\000e\000r\000o}{section.17}% 147
\BOOKMARK [2][-]{subsection.17.8}{\376\377\000P\000e\000r\000f\000e\000c\000t\000\040\000F\000o\000r\000w\000a\000r\000d\000i\000n\000g}{section.17}% 148
\BOOKMARK [2][-]{subsection.17.9}{\376\377\000B\000e\000s\000t\000\040\000P\000r\000a\000c\000t\000i\000c\000e\000s}{section.17}% 149
\BOOKMARK [1][-]{section.18}{\376\377\000E\000x\000c\000e\000p\000t\000i\000o\000n\000\040\000H\000a\000n\000d\000l\000i\000n\000g}{part.4}% 150
\BOOKMARK [0][-]{part.5}{\376\377\000V\000\040\000T\000h\000e\000\040\000S\000t\000a\000n\000d\000a\000r\000d\000\040\000L\000i\000b\000r\000a\000r\000y}{}% 151
\BOOKMARK [1][-]{section.19}{\376\377\000I\000O\000\040\000S\000t\000r\000e\000a\000m\000s}{part.5}% 152
\BOOKMARK [1][-]{section.20}{\376\377\000T\000h\000e\000\040\000S\000t\000a\000n\000d\000a\000r\000d\000\040\000T\000e\000m\000p\000l\000a\000t\000e\000\040\000L\000i\000b\000r\000a\000r\000y}{part.5}% 153
\BOOKMARK [1][-]{section.21}{\376\377\000L\000a\000m\000b\000d\000a\000\040\000E\000x\000p\000r\000e\000s\000s\000i\000o\000n\000s}{part.5}% 154
\BOOKMARK [0][-]{part.6}{\376\377\000V\000I\000\040\000A\000d\000v\000a\000n\000c\000e\000d\000\040\000T\000o\000p\000i\000c\000s}{}% 155
\BOOKMARK [1][-]{section.22}{\376\377\000M\000o\000d\000e\000r\000n\000\040\000C\000+\000+\000\040\000F\000e\000a\000t\000u\000r\000e\000s}{part.6}% 156
\BOOKMARK [2][-]{subsection.22.1}{\376\377\000T\000y\000p\000e\000\040\000I\000n\000f\000e\000r\000e\000n\000c\000e\000\040\000w\000i\000t\000h\000\040\000a\000u\000t\000o}{section.22}% 157
\BOOKMARK [2][-]{subsection.22.2}{\376\377\000R\000a\000n\000g\000e\000-\000B\000a\000s\000e\000d\000\040\000F\000o\000r\000\040\000L\000o\000o\000p\000s}{section.22}% 158
\BOOKMARK [2][-]{subsection.22.3}{\376\377\000U\000n\000i\000f\000o\000r\000m\000\040\000I\000n\000i\000t\000i\000a\000l\000i\000z\000a\000t\000i\000o\000n}{section.22}% 159
\BOOKMARK [2][-]{subsection.22.4}{\376\377\000n\000u\000l\000l\000p\000t\000r}{section.22}% 160
\BOOKMARK [2][-]{subsection.22.5}{\376\377\000c\000o\000n\000s\000t\000e\000x\000p\000r}{section.22}% 161
\BOOKMARK [2][-]{subsection.22.6}{\376\377\000S\000t\000r\000u\000c\000t\000u\000r\000e\000d\000\040\000B\000i\000n\000d\000i\000n\000g\000s\000\040\000\050\000C\000+\000+\0001\0007\000\051}{section.22}% 162
\BOOKMARK [2][-]{subsection.22.7}{\376\377\000s\000t\000d\000:\000:\000o\000p\000t\000i\000o\000n\000a\000l\000\040\000\050\000C\000+\000+\0001\0007\000\051}{section.22}% 163
\BOOKMARK [2][-]{subsection.22.8}{\376\377\000s\000t\000d\000:\000:\000v\000a\000r\000i\000a\000n\000t\000\040\000\050\000C\000+\000+\0001\0007\000\051}{section.22}% 164
\BOOKMARK [2][-]{subsection.22.9}{\376\377\000i\000f\000/\000s\000w\000i\000t\000c\000h\000\040\000w\000i\000t\000h\000\040\000I\000n\000i\000t\000i\000a\000l\000i\000z\000e\000r\000s\000\040\000\050\000C\000+\000+\0001\0007\000\051}{section.22}% 165
\BOOKMARK [2][-]{subsection.22.10}{\376\377\000S\000t\000r\000i\000n\000g\000\040\000V\000i\000e\000w\000\040\000\050\000C\000+\000+\0001\0007\000\051}{section.22}% 166
\BOOKMARK [2][-]{subsection.22.11}{\376\377\000C\000o\000n\000c\000e\000p\000t\000s\000\040\000\050\000C\000+\000+\0002\0000\000\051}{section.22}% 167
\BOOKMARK [2][-]{subsection.22.12}{\376\377\000R\000a\000n\000g\000e\000s\000\040\000\050\000C\000+\000+\0002\0000\000\051}{section.22}% 168
\BOOKMARK [2][-]{subsection.22.13}{\376\377\000T\000h\000r\000e\000e\000-\000W\000a\000y\000\040\000C\000o\000m\000p\000a\000r\000i\000s\000o\000n\000\040\000\050\000C\000+\000+\0002\0000\000\051}{section.22}% 169
\BOOKMARK [2][-]{subsection.22.14}{\376\377\000S\000u\000m\000m\000a\000r\000y\000:\000\040\000W\000h\000i\000c\000h\000\040\000S\000t\000a\000n\000d\000a\000r\000d\000\040\000t\000o\000\040\000U\000s\000e}{section.22}% 170
\BOOKMARK [1][-]{section.23}{\376\377\000C\000o\000n\000c\000u\000r\000r\000e\000n\000c\000y\000\040\000a\000n\000d\000\040\000M\000u\000l\000t\000i\000t\000h\000r\000e\000a\000d\000i\000n\000g}{part.6}% 171
\BOOKMARK [2][-]{subsection.23.1}{\376\377\000W\000h\000y\000\040\000C\000o\000n\000c\000u\000r\000r\000e\000n\000c\000y\000?}{section.23}% 172
\BOOKMARK [2][-]{subsection.23.2}{\376\377\000C\000r\000e\000a\000t\000i\000n\000g\000\040\000T\000h\000r\000e\000a\000d\000s}{section.23}% 173
\BOOKMARK [3][-]{subsubsection.23.2.1}{\376\377\000T\000h\000r\000e\000a\000d\000s\000\040\000w\000i\000t\000h\000\040\000A\000r\000g\000u\000m\000e\000n\000t\000s}{subsection.23.2}% 174
\BOOKMARK [3][-]{subsubsection.23.2.2}{\376\377\000T\000h\000r\000e\000a\000d\000s\000\040\000w\000i\000t\000h\000\040\000L\000a\000m\000b\000d\000a\000s}{subsection.23.2}% 175
\BOOKMARK [2][-]{subsection.23.3}{\376\377\000J\000o\000i\000n\000i\000n\000g\000\040\000a\000n\000d\000\040\000D\000e\000t\000a\000c\000h\000i\000n\000g}{section.23}% 176
\BOOKMARK [2][-]{subsection.23.4}{\376\377\000D\000a\000t\000a\000\040\000R\000a\000c\000e\000s\000\040\000a\000n\000d\000\040\000S\000y\000n\000c\000h\000r\000o\000n\000i\000z\000a\000t\000i\000o\000n}{section.23}% 177
\BOOKMARK [2][-]{subsection.23.5}{\376\377\000M\000u\000t\000e\000x\000e\000s}{section.23}% 178
\BOOKMARK [3][-]{subsubsection.23.5.1}{\376\377\000s\000t\000d\000:\000:\000l\000o\000c\000k\000\137\000g\000u\000a\000r\000d\000\040\000\050\000R\000A\000I\000I\000\040\000L\000o\000c\000k\000i\000n\000g\000\051}{subsection.23.5}% 179
\BOOKMARK [3][-]{subsubsection.23.5.2}{\376\377\000s\000t\000d\000:\000:\000u\000n\000i\000q\000u\000e\000\137\000l\000o\000c\000k\000\040\000\050\000F\000l\000e\000x\000i\000b\000l\000e\000\040\000L\000o\000c\000k\000i\000n\000g\000\051}{subsection.23.5}% 180
\BOOKMARK [2][-]{subsection.23.6}{\376\377\000D\000e\000a\000d\000l\000o\000c\000k\000s}{section.23}% 181
\BOOKMARK [3][-]{subsubsection.23.6.1}{\376\377\000A\000v\000o\000i\000d\000i\000n\000g\000\040\000D\000e\000a\000d\000l\000o\000c\000k\000s}{subsection.23.6}% 182
\BOOKMARK [2][-]{subsection.23.7}{\376\377\000C\000o\000n\000d\000i\000t\000i\000o\000n\000\040\000V\000a\000r\000i\000a\000b\000l\000e\000s}{section.23}% 183
\BOOKMARK [2][-]{subsection.23.8}{\376\377\000A\000t\000o\000m\000i\000c\000\040\000O\000p\000e\000r\000a\000t\000i\000o\000n\000s}{section.23}% 184
\BOOKMARK [2][-]{subsection.23.9}{\376\377\000F\000u\000t\000u\000r\000e\000s\000\040\000a\000n\000d\000\040\000P\000r\000o\000m\000i\000s\000e\000s}{section.23}% 185
\BOOKMARK [3][-]{subsubsection.23.9.1}{\376\377\000P\000r\000o\000m\000i\000s\000e\000\040\000a\000n\000d\000\040\000F\000u\000t\000u\000r\000e\000\040\000P\000a\000i\000r}{subsection.23.9}% 186
\BOOKMARK [2][-]{subsection.23.10}{\376\377\000T\000h\000r\000e\000a\000d\000-\000L\000o\000c\000a\000l\000\040\000S\000t\000o\000r\000a\000g\000e}{section.23}% 187
\BOOKMARK [2][-]{subsection.23.11}{\376\377\000B\000e\000s\000t\000\040\000P\000r\000a\000c\000t\000i\000c\000e\000s}{section.23}% 188
